2025-04-29 15:05:37,807 - INFO - Starting download from r/LetsTalkMusic
2025-04-29 15:05:38,036 - INFO - Starting to process 10000 posts...
2025-04-29 15:08:58,735 - INFO - Processed 100 posts out of 10000
2025-04-29 15:12:20,341 - INFO - Processed 200 posts out of 10000
2025-04-29 15:15:42,505 - INFO - Processed 300 posts out of 10000
2025-04-29 15:19:04,176 - INFO - Processed 400 posts out of 10000
2025-04-29 15:22:25,962 - INFO - Processed 500 posts out of 10000
2025-04-29 15:25:47,989 - INFO - Processed 600 posts out of 10000
2025-04-29 15:29:10,008 - INFO - Processed 700 posts out of 10000
2025-04-29 15:32:31,989 - INFO - Processed 800 posts out of 10000
2025-04-29 15:35:53,839 - INFO - Processed 900 posts out of 10000
2025-04-29 15:37:22,690 - INFO - Successfully downloaded 943 posts from r/LetsTalkMusic
2025-04-29 16:17:48,462 - INFO - Starting download from r/LetsTalkMusic
2025-04-29 16:17:48,568 - INFO - Starting to process 10000 posts...
2025-04-29 16:22:47,419 - INFO - Processed 100 posts out of 10000
2025-04-29 16:27:49,358 - INFO - Processed 200 posts out of 10000
2025-04-29 16:32:51,123 - INFO - Processed 300 posts out of 10000
2025-04-29 16:37:53,484 - INFO - Processed 400 posts out of 10000
2025-04-29 16:42:04,084 - INFO - Successfully downloaded 482 posts from r/LetsTalkMusic
2025-04-29 16:59:02,140 - INFO - Starting download from r/LetsTalkMusic
2025-04-29 16:59:02,143 - INFO - Starting to process posts...
2025-04-29 17:02:22,523 - INFO - Processed 100 posts
2025-04-29 17:05:44,216 - INFO - Processed 200 posts
2025-04-29 17:09:06,336 - INFO - Processed 300 posts
2025-04-29 17:12:28,053 - INFO - Processed 400 posts
2025-04-29 17:15:49,821 - INFO - Processed 500 posts
2025-04-29 17:19:11,674 - INFO - Processed 600 posts
2025-04-29 17:22:33,100 - INFO - Processed 700 posts
2025-04-29 17:25:55,315 - INFO - Processed 800 posts
2025-04-29 17:29:17,163 - INFO - Processed 900 posts
2025-04-29 17:30:46,042 - INFO - Successfully downloaded 943 posts from r/LetsTalkMusic
